> Task :app:preBuild UP-TO-DATE
> Task :app:preDebugBuild UP-TO-DATE
> Task :app:mergeDebugNativeDebugMetadata NO-SOURCE
> Task :app:checkKotlinGradlePluginConfigurationErrors
> Task :app:generateDebugResValues
> Task :app:checkDebugAarMetadata
> Task :app:mapDebugSourceSetPaths
> Task :app:generateDebugResources
> Task :app:packageDebugResources
> Task :app:mergeDebugResources
> Task :app:createDebugCompatibleScreenManifests
> Task :app:extractDeepLinksDebug
> Task :app:parseDebugLocalResources
> Task :app:processDebugMainManifest
> Task :app:processDebugManifest
> Task :app:javaPreCompileDebug
> Task :app:mergeDebugShaders
> Task :app:compileDebugShaders NO-SOURCE
> Task :app:generateDebugAssets UP-TO-DATE
> Task :app:mergeDebugAssets
> Task :app:compressDebugAssets
> Task :app:desugarDebugFileDependencies
> Task :app:processDebugManifestForPackage
> Task :app:checkDebugDuplicateClasses
> Task :app:mergeDebugStartupProfile
> Task :app:mergeDebugJniLibFolders
> Task :app:mergeLibDexDebug
> Task :app:mergeDebugNativeLibs NO-SOURCE
> Task :app:stripDebugDebugSymbols NO-SOURCE
> Task :app:processDebugResources
> Task :app:validateSigningDebug
> Task :app:writeDebugAppMetadata
> Task :app:writeDebugSigningConfigVersions
> Task :app:mergeExtDexDebug

> Task :app:compileDebugKotlin FAILED
e: file:///home/runner/work/ScratchCards/ScratchCards/app/src/main/java/com/scritchyscratchy/watch/pixel/EnhancedScratchEngine.kt:239:51 Type mismatch: inferred type is Int but Float was expected
e: file:///home/runner/work/ScratchCards/ScratchCards/app/src/main/java/com/scritchyscratchy/watch/pixel/EnhancedScratchEngine.kt:239:63 Type mismatch: inferred type is Int but Float was expected
e: file:///home/runner/work/ScratchCards/ScratchCards/app/src/main/java/com/scritchyscratchy/watch/pixel/EnhancedScratchEngine.kt:249:51 Type mismatch: inferred type is Int but Float was expected
e: file:///home/runner/work/ScratchCards/ScratchCards/app/src/main/java/com/scritchyscratchy/watch/pixel/EnhancedScratchEngine.kt:249:63 Type mismatch: inferred type is Int but Float was expected
e: file:///home/runner/work/ScratchCards/ScratchCards/app/src/main/java/com/scritchyscratchy/watch/pixel/EnhancedScratchEngine.kt:279:94 Unresolved reference: Size
e: file:///home/runner/work/ScratchCards/ScratchCards/app/src/main/java/com/scritchyscratchy/watch/pixel/EnhancedScratchEngine.kt:296:24 Unresolved reference: Size
e: file:///home/runner/work/ScratchCards/ScratchCards/app/src/main/java/com/scritchyscratchy/watch/pixel/EnhancedScratchEngine.kt:303:24 Unresolved reference: Size
e: file:///home/runner/work/ScratchCards/ScratchCards/app/src/main/java/com/scritchyscratchy/watch/pixel/EnhancedScratchEngine.kt:375:26 Unresolved reference: border
e: file:///home/runner/work/ScratchCards/ScratchCards/app/src/main/java/com/scritchyscratchy/watch/pixel/EnhancedScratchEngine.kt:426:22 Unresolved reference: border
e: file:///home/runner/work/ScratchCards/ScratchCards/app/src/main/java/com/scritchyscratchy/watch/pixel/EnhancedScratchEngine.kt:460:30 Unresolved reference: border
e: file:///home/runner/work/ScratchCards/ScratchCards/app/src/main/java/com/scritchyscratchy/watch/pixel/EnhancedScratchEngine.kt:561:18 Unresolved reference: border
e: file:///home/runner/work/ScratchCards/ScratchCards/app/src/main/java/com/scritchyscratchy/watch/pixel/EnhancedScratchEngine.kt:576:38 Unresolved reference: border
e: file:///home/runner/work/ScratchCards/ScratchCards/app/src/main/java/com/scritchyscratchy/watch/pixel/PixelAchievements.kt:279:47 Reference has a nullable type '(GameState) -> Boolean', use explicit '?.invoke()' to make a function-like call instead
e: file:///home/runner/work/ScratchCards/ScratchCards/app/src/main/java/com/scritchyscratchy/watch/pixel/PixelAnalytics.kt:59:186 Unresolved reference: pixelProgress
e: file:///home/runner/work/ScratchCards/ScratchCards/app/src/main/java/com/scritchyscratchy/watch/pixel/PixelAnalytics.kt:82:40 Unresolved reference: boardTitle
e: file:///home/runner/work/ScratchCards/ScratchCards/app/src/main/java/com/scritchyscratchy/watch/pixel/PixelAnalytics.kt:177:69 Unresolved reference: priceRarity
e: file:///home/runner/work/ScratchCards/ScratchCards/app/src/main/java/com/scritchyscratchy/watch/pixel/PixelAnalytics.kt:177:137 Unresolved reference: priceRarity
e: file:///home/runner/work/ScratchCards/ScratchCards/app/src/main/java/com/scritchyscratchy/watch/pixel/PixelAnalytics.kt:181:48 Unresolved reference: dayLabel
e: file:///home/runner/work/ScratchCards/ScratchCards/app/src/main/java/com/scritchyscratchy/watch/pixel/PixelAnimations.kt:149:18 Unresolved reference: border
e: file:///home/runner/work/ScratchCards/ScratchCards/app/src/main/java/com/scritchyscratchy/watch/pixel/PixelAnimations.kt:199:29 Type mismatch: inferred type is TweenSpec<???> but Float was expected
e: file:///home/runner/work/ScratchCards/ScratchCards/app/src/main/java/com/scritchyscratchy/watch/pixel/PixelAnimations.kt:200:25 Type mismatch: inferred type is TweenSpec<???> but Float was expected
e: file:///home/runner/work/ScratchCards/ScratchCards/app/src/main/java/com/scritchyscratchy/watch/pixel/PixelAnimations.kt:202:25 Type mismatch: inferred type is TweenSpec<???> but Float was expected
e: file:///home/runner/work/ScratchCards/ScratchCards/app/src/main/java/com/scritchyscratchy/watch/pixel/PixelAnimations.kt:209:14 Unresolved reference: border
e: file:///home/runner/work/ScratchCards/ScratchCards/app/src/main/java/com/scritchyscratchy/watch/pixel/PixelAnimations.kt:237:54 Type mismatch: inferred type is TweenSpec<???> but Float was expected
e: file:///home/runner/work/ScratchCards/ScratchCards/app/src/main/java/com/scritchyscratchy/watch/pixel/PixelAnimations.kt:239:29 Type mismatch: inferred type is TweenSpec<???> but Float was expected
e: file:///home/runner/work/ScratchCards/ScratchCards/app/src/main/java/com/scritchyscratchy/watch/pixel/PixelAnimations.kt:254:25 Type mismatch: inferred type is TweenSpec<???> but Float was expected
e: file:///home/runner/work/ScratchCards/ScratchCards/app/src/main/java/com/scritchyscratchy/watch/pixel/PixelAnimations.kt:339:27 Type mismatch: inferred type is TweenSpec<???> but Float was expected
e: file:///home/runner/work/ScratchCards/ScratchCards/app/src/main/java/com/scritchyscratchy/watch/pixel/PixelAnimations.kt:340:25 Type mismatch: inferred type is TweenSpec<???> but Float was expected
e: file:///home/runner/work/ScratchCards/ScratchCards/app/src/main/java/com/scritchyscratchy/watch/pixel/PixelBank.kt:49:79 Unresolved reference: jackpotPoints
e: file:///home/runner/work/ScratchCards/ScratchCards/app/src/main/java/com/scritchyscratchy/watch/pixel/PixelMainScreen.kt:50:56 Unresolved reference: Background
e: file:///home/runner/work/ScratchCards/ScratchCards/app/src/main/java/com/scritchyscratchy/watch/pixel/PixelMainScreen.kt:96:50 Unresolved reference: ValuePixel
e: file:///home/runner/work/ScratchCards/ScratchCards/app/src/main/java/com/scritchyscratchy/watch/pixel/PixelMainScreen.kt:102:42 Unresolved reference: Muted
e: file:///home/runner/work/ScratchCards/ScratchCards/app/src/main/java/com/scritchyscratchy/watch/pixel/PixelMainScreen.kt:113:46 Unresolved reference: jackpotPoints
e: file:///home/runner/work/ScratchCards/ScratchCards/app/src/main/java/com/scritchyscratchy/watch/pixel/PixelMainScreen.kt:122:33 Unresolved reference: iconFor
e: file:///home/runner/work/ScratchCards/ScratchCards/app/src/main/java/com/scritchyscratchy/watch/pixel/PixelMainScreen.kt:132:42 Unresolved reference: Cyan
e: file:///home/runner/work/ScratchCards/ScratchCards/app/src/main/java/com/scritchyscratchy/watch/pixel/PixelMainScreen.kt:133:50 Unresolved reference: ValuePixel
e: file:///home/runner/work/ScratchCards/ScratchCards/app/src/main/java/com/scritchyscratchy/watch/pixel/PixelMainScreen.kt:138:42 Unresolved reference: Muted
e: file:///home/runner/work/ScratchCards/ScratchCards/app/src/main/java/com/scritchyscratchy/watch/pixel/PixelMainScreen.kt:161:26 Unresolved reference: Muted
e: file:///home/runner/work/ScratchCards/ScratchCards/app/src/main/java/com/scritchyscratchy/watch/pixel/PixelMainScreen.kt:168:57 Unresolved reference: Surface
e: file:///home/runner/work/ScratchCards/ScratchCards/app/src/main/java/com/scritchyscratchy/watch/pixel/PixelMainScreen.kt:221:38 Unresolved reference: emoji
e: file:///home/runner/work/ScratchCards/ScratchCards/app/src/main/java/com/scritchyscratchy/watch/pixel/PixelMainScreen.kt:222:172 Unresolved reference: Muted
e: file:///home/runner/work/ScratchCards/ScratchCards/app/src/main/java/com/scritchyscratchy/watch/pixel/PixelMainScreen.kt:223:136 Unresolved reference: Muted
e: file:///home/runner/work/ScratchCards/ScratchCards/app/src/main/java/com/scritchyscratchy/watch/pixel/PixelMainScreen.kt:226:94 Unresolved reference: Surface
e: file:///home/runner/work/ScratchCards/ScratchCards/app/src/main/java/com/scritchyscratchy/watch/pixel/PixelMainScreen.kt:235:61 Unresolved reference: Surface
e: file:///home/runner/work/ScratchCards/ScratchCards/app/src/main/java/com/scritchyscratchy/watch/pixel/PixelMainScreen.kt:238:38 Unresolved reference: Cyan
e: file:///home/runner/work/ScratchCards/ScratchCards/app/src/main/java/com/scritchyscratchy/watch/pixel/PixelMainScreen.kt:251:34 Unresolved reference: Muted
e: file:///home/runner/work/ScratchCards/ScratchCards/app/src/main/java/com/scritchyscratchy/watch/pixel/PixelMainScreen.kt:283:36 Unresolved reference: emoji
e: file:///home/runner/work/ScratchCards/ScratchCards/app/src/main/java/com/scritchyscratchy/watch/pixel/PixelMainScreen.kt:291:33 Unresolved reference: descTr
e: file:///home/runner/work/ScratchCards/ScratchCards/app/src/main/java/com/scritchyscratchy/watch/pixel/PixelMainScreen.kt:292:38 Unresolved reference: Muted
e: file:///home/runner/work/ScratchCards/ScratchCards/app/src/main/java/com/scritchyscratchy/watch/pixel/PixelMainScreen.kt:300:106 Unresolved reference: ValuePixel
e: file:///home/runner/work/ScratchCards/ScratchCards/app/src/main/java/com/scritchyscratchy/watch/pixel/PixelMainScreen.kt:301:48 Unresolved reference: Muted
e: file:///home/runner/work/ScratchCards/ScratchCards/app/src/main/java/com/scritchyscratchy/watch/pixel/PixelMainScreen.kt:304:105 Unresolved reference: Muted
e: file:///home/runner/work/ScratchCards/ScratchCards/app/src/main/java/com/scritchyscratchy/watch/pixel/PixelMainScreen.kt:305:50 Unresolved reference: ValuePixel
e: file:///home/runner/work/ScratchCards/ScratchCards/app/src/main/java/com/scritchyscratchy/watch/pixel/PixelMainScreen.kt:326:38 Unresolved reference: Muted
e: file:///home/runner/work/ScratchCards/ScratchCards/app/src/main/java/com/scritchyscratchy/watch/pixel/PixelMainScreen.kt:345:46 Unresolved reference: Surface
e: file:///home/runner/work/ScratchCards/ScratchCards/app/src/main/java/com/scritchyscratchy/watch/pixel/PixelMainScreen.kt:350:37 Unresolved reference: emoji
e: file:///home/runner/work/ScratchCards/ScratchCards/app/src/main/java/com/scritchyscratchy/watch/pixel/PixelMainScreen.kt:351:34 Unresolved reference: descTr
e: file:///home/runner/work/ScratchCards/ScratchCards/app/src/main/java/com/scritchyscratchy/watch/pixel/PixelMainScreen.kt:351:63 Unresolved reference: Muted
e: file:///home/runner/work/ScratchCards/ScratchCards/app/src/main/java/com/scritchyscratchy/watch/pixel/PixelMainScreen.kt:356:172 Unresolved reference: Muted
e: file:///home/runner/work/ScratchCards/ScratchCards/app/src/main/java/com/scritchyscratchy/watch/pixel/PixelMainScreen.kt:377:145 Unresolved reference: Surface
e: file:///home/runner/work/ScratchCards/ScratchCards/app/src/main/java/com/scritchyscratchy/watch/pixel/PixelMainScreen.kt:382:32 Unresolved reference: dayLabel
e: file:///home/runner/work/ScratchCards/ScratchCards/app/src/main/java/com/scritchyscratchy/watch/pixel/PixelMainScreen.kt:382:164 Unresolved reference: Muted
e: file:///home/runner/work/ScratchCards/ScratchCards/app/src/main/java/com/scritchyscratchy/watch/pixel/PixelMainScreen.kt:399:65 Unresolved reference: Surface
e: file:///home/runner/work/ScratchCards/ScratchCards/app/src/main/java/com/scritchyscratchy/watch/pixel/PixelMainScreen.kt:401:38 Unresolved reference: weekCompleteText
e: file:///home/runner/work/ScratchCards/ScratchCards/app/src/main/java/com/scritchyscratchy/watch/pixel/PixelMainScreen.kt:402:42 Unresolved reference: Muted
e: file:///home/runner/work/ScratchCards/ScratchCards/app/src/main/java/com/scritchyscratchy/watch/pixel/PixelMainScreen.kt:411:39 Unresolved reference: questsText
e: file:///home/runner/work/ScratchCards/ScratchCards/app/src/main/java/com/scritchyscratchy/watch/pixel/PixelMainScreen.kt:412:61 Unresolved reference: Surface
e: file:///home/runner/work/ScratchCards/ScratchCards/app/src/main/java/com/scritchyscratchy/watch/pixel/PixelMainScreen.kt:413:47 Unresolved reference: Cyan
e: file:///home/runner/work/ScratchCards/ScratchCards/app/src/main/java/com/scritchyscratchy/watch/pixel/PixelMainScreen.kt:425:44 Unresolved reference: nextTitle
e: file:///home/runner/work/ScratchCards/ScratchCards/app/src/main/java/com/scritchyscratchy/watch/pixel/PixelMainScreen.kt:426:79 Unresolved reference: Muted
e: file:///home/runner/work/ScratchCards/ScratchCards/app/src/main/java/com/scritchyscratchy/watch/pixel/PixelMainScreen.kt:437:92 Unresolved reference: Surface
e: file:///home/runner/work/ScratchCards/ScratchCards/app/src/main/java/com/scritchyscratchy/watch/pixel/PixelMainScreen.kt:439:39 Unresolved reference: boardTitle
e: file:///home/runner/work/ScratchCards/ScratchCards/app/src/main/java/com/scritchyscratchy/watch/pixel/PixelMainScreen.kt:454:226 Unresolved reference: Surface
e: file:///home/runner/work/ScratchCards/ScratchCards/app/src/main/java/com/scritchyscratchy/watch/pixel/PixelMainScreen.kt:455:292 Unresolved reference: Surface
e: file:///home/runner/work/ScratchCards/ScratchCards/app/src/main/java/com/scritchyscratchy/watch/pixel/PixelMainScreen.kt:458:71 Unresolved reference: Muted
e: file:///home/runner/work/ScratchCards/ScratchCards/app/src/main/java/com/scritchyscratchy/watch/pixel/PixelQuests.kt:60:44 Cannot find a parameter with this name: jackpotPoints
e: file:///home/runner/work/ScratchCards/ScratchCards/app/src/main/java/com/scritchyscratchy/watch/pixel/PixelQuests.kt:60:75 Unresolved reference: jackpotPoints
e: file:///home/runner/work/ScratchCards/ScratchCards/app/src/main/java/com/scritchyscratchy/watch/pixel/PixelWatchIntegration.kt:258:9 Functions which invoke @Composable functions must be marked with the @Composable annotation
e: file:///home/runner/work/ScratchCards/ScratchCards/app/src/main/java/com/scritchyscratchy/watch/pixel/PixelWatchIntegration.kt:261:48 @Composable invocations can only happen from the context of a @Composable function
e: file:///home/runner/work/ScratchCards/ScratchCards/app/src/main/java/com/scritchyscratchy/watch/pixel/PixelWatchIntegration.kt:316:17 Function invocation 'repoLink()' expected
e: file:///home/runner/work/ScratchCards/ScratchCards/app/src/main/java/com/scritchyscratchy/watch/pixel/PixelWatchIntegration.kt:317:16 Function invocation 'apkDirectLink()' expected
e: file:///home/runner/work/ScratchCards/ScratchCards/app/src/main/java/com/scritchyscratchy/watch/pixel/PixelWatchIntegration.kt:318:21 Function invocation 'workflowLink()' expected
e: file:///home/runner/work/ScratchCards/ScratchCards/app/src/main/java/com/scritchyscratchy/watch/pixel/PixelWatchIntegration.kt:319:17 Function invocation 'docsLink()' expected

FAILURE: Build failed with an exception.

* What went wrong:
Execution failed for task ':app:compileDebugKotlin'.
> A failure occurred while executing org.jetbrains.kotlin.compilerRunner.GradleCompilerRunnerWithWorkers$GradleKotlinCompilerWorkAction
   > Compilation error. See log for more details

* Try:
> Run with --info or --debug option to get more log output.
> Run with --scan to get full insights.
> Get more help at https://help.gradle.org.

* Exception is:
org.gradle.api.tasks.TaskExecutionException: Execution failed for task ':app:compileDebugKotlin'.
	at org.gradle.api.internal.tasks.execution.ExecuteActionsTaskExecuter.lambda$executeIfValid$1(ExecuteActionsTaskExecuter.java:130)
	at org.gradle.internal.Try$Failure.ifSuccessfulOrElse(Try.java:282)
	at org.gradle.api.internal.tasks.execution.ExecuteActionsTaskExecuter.executeIfValid(ExecuteActionsTaskExecuter.java:128)
	at org.gradle.api.internal.tasks.execution.ExecuteActionsTaskExecuter.execute(ExecuteActionsTaskExecuter.java:116)
	at org.gradle.api.internal.tasks.execution.FinalizePropertiesTaskExecuter.execute(FinalizePropertiesTaskExecuter.java:46)
	at org.gradle.api.internal.tasks.execution.ResolveTaskExecutionModeExecuter.execute(ResolveTaskExecutionModeExecuter.java:51)
	at org.gradle.api.internal.tasks.execution.SkipTaskWithNoActionsExecuter.execute(SkipTaskWithNoActionsExecuter.java:57)
	at org.gradle.api.internal.tasks.execution.SkipOnlyIfTaskExecuter.execute(SkipOnlyIfTaskExecuter.java:74)
	at org.gradle.api.internal.tasks.execution.CatchExceptionTaskExecuter.execute(CatchExceptionTaskExecuter.java:36)
	at org.gradle.api.internal.tasks.execution.EventFiringTaskExecuter$1.executeTask(EventFiringTaskExecuter.java:77)
	at org.gradle.api.internal.tasks.execution.EventFiringTaskExecuter$1.call(EventFiringTaskExecuter.java:55)
	at org.gradle.api.internal.tasks.execution.EventFiringTaskExecuter$1.call(EventFiringTaskExecuter.java:52)
	at org.gradle.internal.operations.DefaultBuildOperationRunner$CallableBuildOperationWorker.execute(DefaultBuildOperationRunner.java:200)
	at org.gradle.internal.operations.DefaultBuildOperationRunner$CallableBuildOperationWorker.execute(DefaultBuildOperationRunner.java:195)
	at org.gradle.internal.operations.DefaultBuildOperationRunner$2.execute(DefaultBuildOperationRunner.java:66)
	at org.gradle.internal.operations.DefaultBuildOperationRunner$2.execute(DefaultBuildOperationRunner.java:59)
	at org.gradle.internal.operations.DefaultBuildOperationRunner.execute(DefaultBuildOperationRunner.java:157)
	at org.gradle.internal.operations.DefaultBuildOperationRunner.execute(DefaultBuildOperationRunner.java:59)
	at org.gradle.internal.operations.DefaultBuildOperationRunner.call(DefaultBuildOperationRunner.java:53)
	at org.gradle.internal.operations.DefaultBuildOperationExecutor.call(DefaultBuildOperationExecutor.java:73)
	at org.gradle.api.internal.tasks.execution.EventFiringTaskExecuter.execute(EventFiringTaskExecuter.java:52)
	at org.gradle.execution.plan.LocalTaskNodeExecutor.execute(LocalTaskNodeExecutor.java:42)
	at org.gradle.execution.taskgraph.DefaultTaskExecutionGraph$InvokeNodeExecutorsAction.execute(DefaultTaskExecutionGraph.java:331)
	at org.gradle.execution.taskgraph.DefaultTaskExecutionGraph$InvokeNodeExecutorsAction.execute(DefaultTaskExecutionGraph.java:318)
	at org.gradle.execution.taskgraph.DefaultTaskExecutionGraph$BuildOperationAwareExecutionAction.lambda$execute$0(DefaultTaskExecutionGraph.java:314)
	at org.gradle.internal.operations.CurrentBuildOperationRef.with(CurrentBuildOperationRef.java:80)
	at org.gradle.execution.taskgraph.DefaultTaskExecutionGraph$BuildOperationAwareExecutionAction.execute(DefaultTaskExecutionGraph.java:314)
	at org.gradle.execution.taskgraph.DefaultTaskExecutionGraph$BuildOperationAwareExecutionAction.execute(DefaultTaskExecutionGraph.java:303)
	at org.gradle.execution.plan.DefaultPlanExecutor$ExecutorWorker.execute(DefaultPlanExecutor.java:463)
	at org.gradle.execution.plan.DefaultPlanExecutor$ExecutorWorker.run(DefaultPlanExecutor.java:380)
	at org.gradle.internal.concurrent.ExecutorPolicy$CatchAndRecordFailures.onExecute(ExecutorPolicy.java:64)
	at org.gradle.internal.concurrent.AbstractManagedExecutor$1.run(AbstractManagedExecutor.java:47)
Caused by: org.gradle.workers.internal.DefaultWorkerExecutor$WorkExecutionException: A failure occurred while executing org.jetbrains.kotlin.compilerRunner.GradleCompilerRunnerWithWorkers$GradleKotlinCompilerWorkAction
	at org.gradle.workers.internal.DefaultWorkerExecutor$WorkItemExecution.waitForCompletion(DefaultWorkerExecutor.java:287)
	at org.gradle.internal.work.DefaultAsyncWorkTracker.lambda$waitForItemsAndGatherFailures$2(DefaultAsyncWorkTracker.java:130)
	at org.gradle.internal.Factories$1.create(Factories.java:31)
	at org.gradle.internal.work.DefaultWorkerLeaseService.withoutLocks(DefaultWorkerLeaseService.java:336)
	at org.gradle.internal.work.DefaultWorkerLeaseService.withoutLocks(DefaultWorkerLeaseService.java:319)
	at org.gradle.internal.work.DefaultWorkerLeaseService.withoutLock(DefaultWorkerLeaseService.java:324)
	at org.gradle.internal.work.DefaultAsyncWorkTracker.waitForItemsAndGatherFailures(DefaultAsyncWorkTracker.java:126)
	at org.gradle.internal.work.DefaultAsyncWorkTracker.waitForItemsAndGatherFailures(DefaultAsyncWorkTracker.java:92)
	at org.gradle.internal.work.DefaultAsyncWorkTracker.waitForAll(DefaultAsyncWorkTracker.java:78)
	at org.gradle.internal.work.DefaultAsyncWorkTracker.waitForCompletion(DefaultAsyncWorkTracker.java:66)
	at org.gradle.api.internal.tasks.execution.TaskExecution$3.run(TaskExecution.java:252)
	at org.gradle.internal.operations.DefaultBuildOperationRunner$1.execute(DefaultBuildOperationRunner.java:29)
	at org.gradle.internal.operations.DefaultBuildOperationRunner$1.execute(DefaultBuildOperationRunner.java:26)
	at org.gradle.internal.operations.DefaultBuildOperationRunner$2.execute(DefaultBuildOperationRunner.java:66)
	at org.gradle.internal.operations.DefaultBuildOperationRunner$2.execute(DefaultBuildOperationRunner.java:59)
	at org.gradle.internal.operations.DefaultBuildOperationRunner.execute(DefaultBuildOperationRunner.java:157)
	at org.gradle.internal.operations.DefaultBuildOperationRunner.execute(DefaultBuildOperationRunner.java:59)
	at org.gradle.internal.operations.DefaultBuildOperationRunner.run(DefaultBuildOperationRunner.java:47)
	at org.gradle.internal.operations.DefaultBuildOperationExecutor.run(DefaultBuildOperationExecutor.java:68)
	at org.gradle.api.internal.tasks.execution.TaskExecution.executeAction(TaskExecution.java:229)
	at org.gradle.api.internal.tasks.execution.TaskExecution.executeActions(TaskExecution.java:212)
	at org.gradle.api.internal.tasks.execution.TaskExecution.executeWithPreviousOutputFiles(TaskExecution.java:195)
	at org.gradle.api.internal.tasks.execution.TaskExecution.execute(TaskExecution.java:162)
	at org.gradle.internal.execution.steps.ExecuteStep.executeInternal(ExecuteStep.java:105)
	at org.gradle.internal.execution.steps.ExecuteStep.access$000(ExecuteStep.java:44)
	at org.gradle.internal.execution.steps.ExecuteStep$1.call(ExecuteStep.java:59)
	at org.gradle.internal.execution.steps.ExecuteStep$1.call(ExecuteStep.java:56)
	at org.gradle.internal.operations.DefaultBuildOperationRunner$CallableBuildOperationWorker.execute(DefaultBuildOperationRunner.java:200)
	at org.gradle.internal.operations.DefaultBuildOperationRunner$CallableBuildOperationWorker.execute(DefaultBuildOperationRunner.java:195)
	at org.gradle.internal.operations.DefaultBuildOperationRunner$2.execute(DefaultBuildOperationRunner.java:66)
	at org.gradle.internal.operations.DefaultBuildOperationRunner$2.execute(DefaultBuildOperationRunner.java:59)
	at org.gradle.internal.operations.DefaultBuildOperationRunner.execute(DefaultBuildOperationRunner.java:157)
	at org.gradle.internal.operations.DefaultBuildOperationRunner.execute(DefaultBuildOperationRunner.java:59)
	at org.gradle.internal.operations.DefaultBuildOperationRunner.call(DefaultBuildOperationRunner.java:53)
	at org.gradle.internal.operations.DefaultBuildOperationExecutor.call(DefaultBuildOperationExecutor.java:73)
	at org.gradle.internal.execution.steps.ExecuteStep.execute(ExecuteStep.java:56)
	at org.gradle.internal.execution.steps.ExecuteStep.execute(ExecuteStep.java:44)
	at org.gradle.internal.execution.steps.CancelExecutionStep.execute(CancelExecutionStep.java:41)
	at org.gradle.internal.execution.steps.TimeoutStep.executeWithoutTimeout(TimeoutStep.java:74)
	at org.gradle.internal.execution.steps.TimeoutStep.execute(TimeoutStep.java:55)
	at org.gradle.internal.execution.steps.PreCreateOutputParentsStep.execute(PreCreateOutputParentsStep.java:50)
	at org.gradle.internal.execution.steps.PreCreateOutputParentsStep.execute(PreCreateOutputParentsStep.java:28)
	at org.gradle.internal.execution.steps.RemovePreviousOutputsStep.execute(RemovePreviousOutputsStep.java:67)
	at org.gradle.internal.execution.steps.RemovePreviousOutputsStep.execute(RemovePreviousOutputsStep.java:37)
	at org.gradle.internal.execution.steps.BroadcastChangingOutputsStep.execute(BroadcastChangingOutputsStep.java:61)
	at org.gradle.internal.execution.steps.BroadcastChangingOutputsStep.execute(BroadcastChangingOutputsStep.java:26)
	at org.gradle.internal.execution.steps.CaptureOutputsAfterExecutionStep.execute(CaptureOutputsAfterExecutionStep.java:67)
	at org.gradle.internal.execution.steps.CaptureOutputsAfterExecutionStep.execute(CaptureOutputsAfterExecutionStep.java:45)
	at org.gradle.internal.execution.steps.ResolveInputChangesStep.execute(ResolveInputChangesStep.java:40)
	at org.gradle.internal.execution.steps.ResolveInputChangesStep.execute(ResolveInputChangesStep.java:29)
	at org.gradle.internal.execution.steps.BuildCacheStep.executeWithoutCache(BuildCacheStep.java:189)
	at org.gradle.internal.execution.steps.BuildCacheStep.lambda$execute$1(BuildCacheStep.java:75)
	at org.gradle.internal.Either$Right.fold(Either.java:175)
	at org.gradle.internal.execution.caching.CachingState.fold(CachingState.java:62)
	at org.gradle.internal.execution.steps.BuildCacheStep.execute(BuildCacheStep.java:73)
	at org.gradle.internal.execution.steps.BuildCacheStep.execute(BuildCacheStep.java:48)
	at org.gradle.internal.execution.steps.StoreExecutionStateStep.execute(StoreExecutionStateStep.java:46)
	at org.gradle.internal.execution.steps.StoreExecutionStateStep.execute(StoreExecutionStateStep.java:35)
	at org.gradle.internal.execution.steps.SkipUpToDateStep.executeBecause(SkipUpToDateStep.java:76)
	at org.gradle.internal.execution.steps.SkipUpToDateStep.lambda$execute$2(SkipUpToDateStep.java:54)
	at org.gradle.internal.execution.steps.SkipUpToDateStep.execute(SkipUpToDateStep.java:54)
	at org.gradle.internal.execution.steps.SkipUpToDateStep.execute(SkipUpToDateStep.java:36)
	at org.gradle.internal.execution.steps.legacy.MarkSnapshottingInputsFinishedStep.execute(MarkSnapshottingInputsFinishedStep.java:37)
	at org.gradle.internal.execution.steps.legacy.MarkSnapshottingInputsFinishedStep.execute(MarkSnapshottingInputsFinishedStep.java:27)
	at org.gradle.internal.execution.steps.ResolveIncrementalCachingStateStep.executeDelegate(ResolveIncrementalCachingStateStep.java:49)
	at org.gradle.internal.execution.steps.ResolveIncrementalCachingStateStep.executeDelegate(ResolveIncrementalCachingStateStep.java:27)
	at org.gradle.internal.execution.steps.AbstractResolveCachingStateStep.execute(AbstractResolveCachingStateStep.java:71)
	at org.gradle.internal.execution.steps.AbstractResolveCachingStateStep.execute(AbstractResolveCachingStateStep.java:39)
	at org.gradle.internal.execution.steps.ResolveChangesStep.execute(ResolveChangesStep.java:65)
	at org.gradle.internal.execution.steps.ResolveChangesStep.execute(ResolveChangesStep.java:36)
	at org.gradle.internal.execution.steps.ValidateStep.execute(ValidateStep.java:106)
	at org.gradle.internal.execution.steps.ValidateStep.execute(ValidateStep.java:55)
	at org.gradle.internal.execution.steps.AbstractCaptureStateBeforeExecutionStep.execute(AbstractCaptureStateBeforeExecutionStep.java:64)
	at org.gradle.internal.execution.steps.AbstractCaptureStateBeforeExecutionStep.execute(AbstractCaptureStateBeforeExecutionStep.java:43)
	at org.gradle.internal.execution.steps.AbstractSkipEmptyWorkStep.executeWithNonEmptySources(AbstractSkipEmptyWorkStep.java:125)
	at org.gradle.internal.execution.steps.AbstractSkipEmptyWorkStep.execute(AbstractSkipEmptyWorkStep.java:61)
	at org.gradle.internal.execution.steps.AbstractSkipEmptyWorkStep.execute(AbstractSkipEmptyWorkStep.java:36)
	at org.gradle.internal.execution.steps.legacy.MarkSnapshottingInputsStartedStep.execute(MarkSnapshottingInputsStartedStep.java:38)
	at org.gradle.internal.execution.steps.LoadPreviousExecutionStateStep.execute(LoadPreviousExecutionStateStep.java:36)
	at org.gradle.internal.execution.steps.LoadPreviousExecutionStateStep.execute(LoadPreviousExecutionStateStep.java:23)
	at org.gradle.internal.execution.steps.HandleStaleOutputsStep.execute(HandleStaleOutputsStep.java:75)
	at org.gradle.internal.execution.steps.HandleStaleOutputsStep.execute(HandleStaleOutputsStep.java:41)
	at org.gradle.internal.execution.steps.AssignMutableWorkspaceStep.lambda$execute$0(AssignMutableWorkspaceStep.java:35)
	at org.gradle.api.internal.tasks.execution.TaskExecution$4.withWorkspace(TaskExecution.java:289)
	at org.gradle.internal.execution.steps.AssignMutableWorkspaceStep.execute(AssignMutableWorkspaceStep.java:31)
	at org.gradle.internal.execution.steps.AssignMutableWorkspaceStep.execute(AssignMutableWorkspaceStep.java:22)
	at org.gradle.internal.execution.steps.ChoosePipelineStep.execute(ChoosePipelineStep.java:40)
	at org.gradle.internal.execution.steps.ChoosePipelineStep.execute(ChoosePipelineStep.java:23)
	at org.gradle.internal.execution.steps.ExecuteWorkBuildOperationFiringStep.lambda$execute$2(ExecuteWorkBuildOperationFiringStep.java:67)
	at org.gradle.internal.execution.steps.ExecuteWorkBuildOperationFiringStep.execute(ExecuteWorkBuildOperationFiringStep.java:67)
	at org.gradle.internal.execution.steps.ExecuteWorkBuildOperationFiringStep.execute(ExecuteWorkBuildOperationFiringStep.java:39)
	at org.gradle.internal.execution.steps.IdentityCacheStep.execute(IdentityCacheStep.java:46)
	at org.gradle.internal.execution.steps.IdentityCacheStep.execute(IdentityCacheStep.java:34)
	at org.gradle.internal.execution.steps.IdentifyStep.execute(IdentifyStep.java:48)
	at org.gradle.internal.execution.steps.IdentifyStep.execute(IdentifyStep.java:35)
	at org.gradle.internal.execution.impl.DefaultExecutionEngine$1.execute(DefaultExecutionEngine.java:61)
	at org.gradle.api.internal.tasks.execution.ExecuteActionsTaskExecuter.executeIfValid(ExecuteActionsTaskExecuter.java:127)
	at org.gradle.api.internal.tasks.execution.ExecuteActionsTaskExecuter.execute(ExecuteActionsTaskExecuter.java:116)
	at org.gradle.api.internal.tasks.execution.FinalizePropertiesTaskExecuter.execute(FinalizePropertiesTaskExecuter.java:46)
	at org.gradle.api.internal.tasks.execution.ResolveTaskExecutionModeExecuter.execute(ResolveTaskExecutionModeExecuter.java:51)
	at org.gradle.api.internal.tasks.execution.SkipTaskWithNoActionsExecuter.execute(SkipTaskWithNoActionsExecuter.java:57)
	at org.gradle.api.internal.tasks.execution.SkipOnlyIfTaskExecuter.execute(SkipOnlyIfTaskExecuter.java:74)
	at org.gradle.api.internal.tasks.execution.CatchExceptionTaskExecuter.execute(CatchExceptionTaskExecuter.java:36)
	at org.gradle.api.internal.tasks.execution.EventFiringTaskExecuter$1.executeTask(EventFiringTaskExecuter.java:77)
	at org.gradle.api.internal.tasks.execution.EventFiringTaskExecuter$1.call(EventFiringTaskExecuter.java:55)
	at org.gradle.api.internal.tasks.execution.EventFiringTaskExecuter$1.call(EventFiringTaskExecuter.java:52)
	at org.gradle.internal.operations.DefaultBuildOperationRunner$CallableBuildOperationWorker.execute(DefaultBuildOperationRunner.java:200)
	at org.gradle.internal.operations.DefaultBuildOperationRunner$CallableBuildOperationWorker.execute(DefaultBuildOperationRunner.java:195)
	at org.gradle.internal.operations.DefaultBuildOperationRunner$2.execute(DefaultBuildOperationRunner.java:66)
	at org.gradle.internal.operations.DefaultBuildOperationRunner$2.execute(DefaultBuildOperationRunner.java:59)
	at org.gradle.internal.operations.DefaultBuildOperationRunner.execute(DefaultBuildOperationRunner.java:157)
	at org.gradle.internal.operations.DefaultBuildOperationRunner.execute(DefaultBuildOperationRunner.java:59)
	at org.gradle.internal.operations.DefaultBuildOperationRunner.call(DefaultBuildOperationRunner.java:53)
	at org.gradle.internal.operations.DefaultBuildOperationExecutor.call(DefaultBuildOperationExecutor.java:73)
	at org.gradle.api.internal.tasks.execution.EventFiringTaskExecuter.execute(EventFiringTaskExecuter.java:52)
	at org.gradle.execution.plan.LocalTaskNodeExecutor.execute(LocalTaskNodeExecutor.java:42)
	at org.gradle.execution.taskgraph.DefaultTaskExecutionGraph$InvokeNodeExecutorsAction.execute(DefaultTaskExecutionGraph.java:331)
	at org.gradle.execution.taskgraph.DefaultTaskExecutionGraph$InvokeNodeExecutorsAction.execute(DefaultTaskExecutionGraph.java:318)
	at org.gradle.execution.taskgraph.DefaultTaskExecutionGraph$BuildOperationAwareExecutionAction.lambda$execute$0(DefaultTaskExecutionGraph.java:314)
	at org.gradle.internal.operations.CurrentBuildOperationRef.with(CurrentBuildOperationRef.java:80)
	at org.gradle.execution.taskgraph.DefaultTaskExecutionGraph$BuildOperationAwareExecutionAction.execute(DefaultTaskExecutionGraph.java:314)
	at org.gradle.execution.taskgraph.DefaultTaskExecutionGraph$BuildOperationAwareExecutionAction.execute(DefaultTaskExecutionGraph.java:303)
	at org.gradle.execution.plan.DefaultPlanExecutor$ExecutorWorker.execute(DefaultPlanExecutor.java:463)
	at org.gradle.execution.plan.DefaultPlanExecutor$ExecutorWorker.run(DefaultPlanExecutor.java:380)
	at org.gradle.internal.concurrent.ExecutorPolicy$CatchAndRecordFailures.onExecute(ExecutorPolicy.java:64)
	at org.gradle.internal.concurrent.AbstractManagedExecutor$1.run(AbstractManagedExecutor.java:47)
Caused by: org.jetbrains.kotlin.gradle.tasks.CompilationErrorException: Compilation error. See log for more details
	at org.jetbrains.kotlin.gradle.tasks.TasksUtilsKt.throwExceptionIfCompilationFailed(tasksUtils.kt:20)
	at org.jetbrains.kotlin.compilerRunner.GradleKotlinCompilerWork.run(GradleKotlinCompilerWork.kt:141)
	at org.jetbrains.kotlin.compilerRunner.GradleCompilerRunnerWithWorkers$GradleKotlinCompilerWorkAction.execute(GradleCompilerRunnerWithWorkers.kt:73)
	at org.gradle.workers.internal.DefaultWorkerServer.execute(DefaultWorkerServer.java:63)
	at org.gradle.workers.internal.NoIsolationWorkerFactory$1$1.create(NoIsolationWorkerFactory.java:66)
	at org.gradle.workers.internal.NoIsolationWorkerFactory$1$1.create(NoIsolationWorkerFactory.java:62)
	at org.gradle.internal.classloader.ClassLoaderUtils.executeInClassloader(ClassLoaderUtils.java:100)
	at org.gradle.workers.internal.NoIsolationWorkerFactory$1.lambda$execute$0(NoIsolationWorkerFactory.java:62)
	at org.gradle.workers.internal.AbstractWorker$1.call(AbstractWorker.java:44)
	at org.gradle.workers.internal.AbstractWorker$1.call(AbstractWorker.java:41)
	at org.gradle.internal.operations.DefaultBuildOperationRunner$CallableBuildOperationWorker.execute(DefaultBuildOperationRunner.java:200)
	at org.gradle.internal.operations.DefaultBuildOperationRunner$CallableBuildOperationWorker.execute(DefaultBuildOperationRunner.java:195)
	at org.gradle.internal.operations.DefaultBuildOperationRunner$2.execute(DefaultBuildOperationRunner.java:66)
	at org.gradle.internal.operations.DefaultBuildOperationRunner$2.execute(DefaultBuildOperationRunner.java:59)
	at org.gradle.internal.operations.DefaultBuildOperationRunner.execute(DefaultBuildOperationRunner.java:157)
	at org.gradle.internal.operations.DefaultBuildOperationRunner.execute(DefaultBuildOperationRunner.java:59)
	at org.gradle.internal.operations.DefaultBuildOperationRunner.call(DefaultBuildOperationRunner.java:53)
	at org.gradle.internal.operations.DefaultBuildOperationExecutor.call(DefaultBuildOperationExecutor.java:73)
	at org.gradle.workers.internal.AbstractWorker.executeWrappedInBuildOperation(AbstractWorker.java:41)
	at org.gradle.workers.internal.NoIsolationWorkerFactory$1.execute(NoIsolationWorkerFactory.java:59)
	at org.gradle.workers.internal.DefaultWorkerExecutor.lambda$submitWork$0(DefaultWorkerExecutor.java:174)
	at org.gradle.internal.work.DefaultConditionalExecutionQueue$ExecutionRunner.runExecution(DefaultConditionalExecutionQueue.java:187)
	at org.gradle.internal.work.DefaultConditionalExecutionQueue$ExecutionRunner.access$700(DefaultConditionalExecutionQueue.java:120)
	at org.gradle.internal.work.DefaultConditionalExecutionQueue$ExecutionRunner$1.run(DefaultConditionalExecutionQueue.java:162)
	at org.gradle.internal.Factories$1.create(Factories.java:31)
	at org.gradle.internal.work.DefaultWorkerLeaseService.withLocks(DefaultWorkerLeaseService.java:264)
	at org.gradle.internal.work.DefaultWorkerLeaseService.runAsWorkerThread(DefaultWorkerLeaseService.java:128)
	at org.gradle.internal.work.DefaultWorkerLeaseService.runAsWorkerThread(DefaultWorkerLeaseService.java:133)
	at org.gradle.internal.work.DefaultConditionalExecutionQueue$ExecutionRunner.runBatch(DefaultConditionalExecutionQueue.java:157)
	at org.gradle.internal.work.DefaultConditionalExecutionQueue$ExecutionRunner.run(DefaultConditionalExecutionQueue.java:126)
	... 2 more


BUILD FAILED in 28s
28 actionable tasks: 28 executed
EXIT=1
